// Jest Snapshot v1, https://goo.gl/fbAQLP

exports[`applies plugins 1`] = `
"import _JSXStyle from 'styled-jsx/style';
import styles from './styles';
const color = 'red';

export default (() => <div className={'jsx-3382438999 ' + \`jsx-\${styles.__scopedHash}\`}>
    <p className={'jsx-3382438999 ' + \`jsx-\${styles.__scopedHash}\`}>test</p>
    <_JSXStyle styleId={\\"254166606\\"} css={\`span.\${color}.jsx-3382438999{color:\${otherColor}}\`} />
    <_JSXStyle styleId={styles.__scopedHash} css={styles.__scoped} />
  </div>);"
`;
