// Jest Snapshot v1, https://goo.gl/fbAQLP

exports[`applies plugins 1`] = `
"import _JSXStyle from 'styled-jsx/style';
import styles from './styles';
const color = 'red';

export default (() => <div data-jsx={4216192053} data-jsx-ext={styles.__scopedHash}>
    <p data-jsx={4216192053} data-jsx-ext={styles.__scopedHash}>test</p>
    <_JSXStyle styleId={4216192053} css={\`span.\${color}[data-jsx=\\"4216192053\\"]{color:\${otherColor}}\`} />
    <_JSXStyle styleId={styles.__scopedHash} css={styles.__scoped} />
  </div>);"
`;
